src/ai/flows/ai-project-recommendation.ts(59,7): error TS2353: Object literal may only specify known properties, and 'availableProjects' does not exist in type '{ userDescription: string; }'.
src/components/ui/calendar.tsx(57,9): error TS2353: Object literal may only specify known properties, and 'IconLeft' does not exist in type 'Partial<CustomComponents>'.
src/components/ui/calendar.tsx(57,22): error TS7031: Binding element 'className' implicitly has an 'any' type.
src/components/ui/calendar.tsx(60,23): error TS7031: Binding element 'className' implicitly has an 'any' type.
